2026-01-08 12:56:37.939 [main] INFO  com.qczy.MyApplication - Starting MyApplication on DESKTOP-MVT8OQB with PID 1796 (D:\PROJECT\ELEC_1126\back\datamark-admin\target\classes started by Administrator in D:\PROJECT\ELEC_1126\back\datamark-admin)
2026-01-08 12:56:37.948 [main] INFO  com.qczy.MyApplication - The following profiles are active: test
2026-01-08 12:56:43.165 [main] INFO  com.qczy.MyApplication - Starting MyApplication on DESKTOP-MVT8OQB with PID 3800 (D:\PROJECT\ELEC_1126\back\datamark-admin\target\classes started by Administrator in D:\PROJECT\ELEC_1126\back\datamark-admin)
2026-01-08 12:56:43.165 [main] INFO  com.qczy.MyApplication - The following profiles are active: test
2026-01-08 12:56:52.859 [main] INFO  o.s.c.s.PostProcessorRegistrationDelegate$BeanPostProcessorChecker - Bean 'asyncConfig' of type [com.qczy.config.AsyncConfig$$EnhancerBySpringCGLIB$$a80b2a2b] is not eligible for getting processed by all BeanPostProcessors (for example: not eligible for auto-proxying)
2026-01-08 12:56:52.870 [main] INFO  o.s.c.s.PostProcessorRegistrationDelegate$BeanPostProcessorChecker - Bean 'asyncConfig' of type [com.qczy.config.AsyncConfig$$EnhancerBySpringCGLIB$$5835c05] is not eligible for getting processed by all BeanPostProcessors (for example: not eligible for auto-proxying)
2026-01-08 12:56:54.136 [main] INFO  o.s.c.s.PostProcessorRegistrationDelegate$BeanPostProcessorChecker - Bean 'org.springframework.transaction.annotation.ProxyTransactionManagementConfiguration' of type [org.springframework.transaction.annotation.ProxyTransactionManagementConfiguration] is not eligible for getting processed by all BeanPostProcessors (for example: not eligible for auto-proxying)
2026-01-08 12:56:54.136 [main] INFO  o.s.c.s.PostProcessorRegistrationDelegate$BeanPostProcessorChecker - Bean 'org.springframework.transaction.annotation.ProxyTransactionManagementConfiguration' of type [org.springframework.transaction.annotation.ProxyTransactionManagementConfiguration] is not eligible for getting processed by all BeanPostProcessors (for example: not eligible for auto-proxying)
2026-01-08 12:56:54.587 [main] INFO  o.s.c.s.PostProcessorRegistrationDelegate$BeanPostProcessorChecker - Bean 'org.springframework.security.config.annotation.configuration.ObjectPostProcessorConfiguration' of type [org.springframework.security.config.annotation.configuration.ObjectPostProcessorConfiguration] is not eligible for getting processed by all BeanPostProcessors (for example: not eligible for auto-proxying)
2026-01-08 12:56:54.597 [main] INFO  o.s.c.s.PostProcessorRegistrationDelegate$BeanPostProcessorChecker - Bean 'objectPostProcessor' of type [org.springframework.security.config.annotation.configuration.AutowireBeanFactoryObjectPostProcessor] is not eligible for getting processed by all BeanPostProcessors (for example: not eligible for auto-proxying)
2026-01-08 12:56:54.606 [main] INFO  o.s.c.s.PostProcessorRegistrationDelegate$BeanPostProcessorChecker - Bean 'org.springframework.security.config.annotation.configuration.ObjectPostProcessorConfiguration' of type [org.springframework.security.config.annotation.configuration.ObjectPostProcessorConfiguration] is not eligible for getting processed by all BeanPostProcessors (for example: not eligible for auto-proxying)
2026-01-08 12:56:54.621 [main] INFO  o.s.c.s.PostProcessorRegistrationDelegate$BeanPostProcessorChecker - Bean 'org.springframework.security.access.expression.method.DefaultMethodSecurityExpressionHandler@31dfc6f5' of type [org.springframework.security.access.expression.method.DefaultMethodSecurityExpressionHandler] is not eligible for getting processed by all BeanPostProcessors (for example: not eligible for auto-proxying)
2026-01-08 12:56:54.647 [main] INFO  o.s.c.s.PostProcessorRegistrationDelegate$BeanPostProcessorChecker - Bean 'objectPostProcessor' of type [org.springframework.security.config.annotation.configuration.AutowireBeanFactoryObjectPostProcessor] is not eligible for getting processed by all BeanPostProcessors (for example: not eligible for auto-proxying)
2026-01-08 12:56:54.667 [main] INFO  o.s.c.s.PostProcessorRegistrationDelegate$BeanPostProcessorChecker - Bean 'org.springframework.security.config.annotation.method.configuration.GlobalMethodSecurityConfiguration' of type [org.springframework.security.config.annotation.method.configuration.GlobalMethodSecurityConfiguration] is not eligible for getting processed by all BeanPostProcessors (for example: not eligible for auto-proxying)
2026-01-08 12:56:54.682 [main] INFO  o.s.c.s.PostProcessorRegistrationDelegate$BeanPostProcessorChecker - Bean 'methodSecurityMetadataSource' of type [org.springframework.security.access.method.DelegatingMethodSecurityMetadataSource] is not eligible for getting processed by all BeanPostProcessors (for example: not eligible for auto-proxying)
2026-01-08 12:56:54.870 [main] INFO  o.s.c.s.PostProcessorRegistrationDelegate$BeanPostProcessorChecker - Bean 'org.springframework.security.access.expression.method.DefaultMethodSecurityExpressionHandler@648d0e6d' of type [org.springframework.security.access.expression.method.DefaultMethodSecurityExpressionHandler] is not eligible for getting processed by all BeanPostProcessors (for example: not eligible for auto-proxying)
2026-01-08 12:56:54.904 [main] INFO  o.s.c.s.PostProcessorRegistrationDelegate$BeanPostProcessorChecker - Bean 'org.springframework.security.config.annotation.method.configuration.GlobalMethodSecurityConfiguration' of type [org.springframework.security.config.annotation.method.configuration.GlobalMethodSecurityConfiguration] is not eligible for getting processed by all BeanPostProcessors (for example: not eligible for auto-proxying)
2026-01-08 12:56:54.945 [main] INFO  o.s.c.s.PostProcessorRegistrationDelegate$BeanPostProcessorChecker - Bean 'methodSecurityMetadataSource' of type [org.springframework.security.access.method.DelegatingMethodSecurityMetadataSource] is not eligible for getting processed by all BeanPostProcessors (for example: not eligible for auto-proxying)
2026-01-08 12:56:58.896 [main] INFO  o.s.boot.web.embedded.tomcat.TomcatWebServer - Tomcat initialized with port(s): 8081 (http)
2026-01-08 12:56:58.919 [main] INFO  org.apache.coyote.http11.Http11NioProtocol - Initializing ProtocolHandler ["http-nio-8081"]
2026-01-08 12:56:58.922 [main] INFO  org.apache.catalina.core.StandardService - Starting service [Tomcat]
2026-01-08 12:56:58.923 [main] INFO  org.apache.catalina.core.StandardEngine - Starting Servlet engine: [Apache Tomcat/9.0.27]
2026-01-08 12:56:59.091 [main] INFO  o.a.c.core.ContainerBase.[Tomcat].[localhost].[/] - Initializing Spring embedded WebApplicationContext
2026-01-08 12:56:59.092 [main] INFO  org.springframework.web.context.ContextLoader - Root WebApplicationContext: initialization completed in 15800 ms
2026-01-08 12:57:30.912 [main] INFO  com.qczy.MyApplication - Starting MyApplication on DESKTOP-MVT8OQB with PID 13768 (D:\PROJECT\ELEC_1126\back\datamark-admin\target\classes started by Administrator in D:\PROJECT\ELEC_1126\back\datamark-admin)
2026-01-08 12:57:30.915 [main] INFO  com.qczy.MyApplication - The following profiles are active: test
2026-01-08 12:57:34.611 [main] INFO  o.s.c.s.PostProcessorRegistrationDelegate$BeanPostProcessorChecker - Bean 'asyncConfig' of type [com.qczy.config.AsyncConfig$$EnhancerBySpringCGLIB$$b0452cf0] is not eligible for getting processed by all BeanPostProcessors (for example: not eligible for auto-proxying)
2026-01-08 12:57:35.306 [main] INFO  o.s.c.s.PostProcessorRegistrationDelegate$BeanPostProcessorChecker - Bean 'org.springframework.transaction.annotation.ProxyTransactionManagementConfiguration' of type [org.springframework.transaction.annotation.ProxyTransactionManagementConfiguration] is not eligible for getting processed by all BeanPostProcessors (for example: not eligible for auto-proxying)
2026-01-08 12:57:36.001 [main] INFO  o.s.c.s.PostProcessorRegistrationDelegate$BeanPostProcessorChecker - Bean 'org.springframework.security.config.annotation.configuration.ObjectPostProcessorConfiguration' of type [org.springframework.security.config.annotation.configuration.ObjectPostProcessorConfiguration] is not eligible for getting processed by all BeanPostProcessors (for example: not eligible for auto-proxying)
2026-01-08 12:57:36.012 [main] INFO  o.s.c.s.PostProcessorRegistrationDelegate$BeanPostProcessorChecker - Bean 'objectPostProcessor' of type [org.springframework.security.config.annotation.configuration.AutowireBeanFactoryObjectPostProcessor] is not eligible for getting processed by all BeanPostProcessors (for example: not eligible for auto-proxying)
2026-01-08 12:57:36.015 [main] INFO  o.s.c.s.PostProcessorRegistrationDelegate$BeanPostProcessorChecker - Bean 'org.springframework.security.access.expression.method.DefaultMethodSecurityExpressionHandler@37b52340' of type [org.springframework.security.access.expression.method.DefaultMethodSecurityExpressionHandler] is not eligible for getting processed by all BeanPostProcessors (for example: not eligible for auto-proxying)
2026-01-08 12:57:36.015 [main] INFO  o.s.c.s.PostProcessorRegistrationDelegate$BeanPostProcessorChecker - Bean 'org.springframework.security.config.annotation.method.configuration.GlobalMethodSecurityConfiguration' of type [org.springframework.security.config.annotation.method.configuration.GlobalMethodSecurityConfiguration] is not eligible for getting processed by all BeanPostProcessors (for example: not eligible for auto-proxying)
2026-01-08 12:57:36.055 [main] INFO  o.s.c.s.PostProcessorRegistrationDelegate$BeanPostProcessorChecker - Bean 'methodSecurityMetadataSource' of type [org.springframework.security.access.method.DelegatingMethodSecurityMetadataSource] is not eligible for getting processed by all BeanPostProcessors (for example: not eligible for auto-proxying)
2026-01-08 12:57:37.856 [main] INFO  o.s.boot.web.embedded.tomcat.TomcatWebServer - Tomcat initialized with port(s): 8081 (http)
2026-01-08 12:57:37.871 [main] INFO  org.apache.coyote.http11.Http11NioProtocol - Initializing ProtocolHandler ["http-nio-8081"]
2026-01-08 12:57:37.873 [main] INFO  org.apache.catalina.core.StandardService - Starting service [Tomcat]
2026-01-08 12:57:37.874 [main] INFO  org.apache.catalina.core.StandardEngine - Starting Servlet engine: [Apache Tomcat/9.0.27]
2026-01-08 12:57:37.985 [main] INFO  o.a.c.core.ContainerBase.[Tomcat].[localhost].[/] - Initializing Spring embedded WebApplicationContext
2026-01-08 12:57:37.986 [main] INFO  org.springframework.web.context.ContextLoader - Root WebApplicationContext: initialization completed in 6962 ms
2026-01-08 12:57:48.185 [main] INFO  com.zaxxer.hikari.HikariDataSource - HikariPool-1 - Starting...
2026-01-08 12:57:48.636 [main] INFO  com.zaxxer.hikari.HikariDataSource - HikariPool-1 - Start completed.
2026-01-08 12:57:49.382 [main] INFO  c.q.federated.service.FederatedCoordinatorService - Loaded 1 nodes from database
2026-01-08 12:57:49.548 [main] INFO  c.q.federated.service.FederatedCoordinatorService - Loaded 4 jobs from database
2026-01-08 12:57:50.417 [main] INFO  o.s.scheduling.concurrent.ThreadPoolTaskExecutor - Initializing ExecutorService
2026-01-08 12:57:50.419 [main] INFO  o.s.scheduling.concurrent.ThreadPoolTaskExecutor - Initializing ExecutorService 'asyncExecutor'
2026-01-08 12:57:50.490 [main] INFO  o.s.scheduling.concurrent.ThreadPoolTaskScheduler - Initializing ExecutorService
2026-01-08 12:57:50.492 [main] INFO  o.s.scheduling.concurrent.ThreadPoolTaskScheduler - Initializing ExecutorService 'taskScheduler'
2026-01-08 12:57:50.861 [main] INFO  s.d.s.w.PropertySourcedRequestMappingHandlerMapping - Mapped URL path [/v2/api-docs] onto method [springfox.documentation.swagger2.web.Swagger2Controller#getDocumentation(String, HttpServletRequest)]
2026-01-08 12:57:51.147 [main] INFO  o.s.security.web.DefaultSecurityFilterChain - Creating filter chain: any request, [org.springframework.security.web.context.request.async.WebAsyncManagerIntegrationFilter@6b091a92, org.springframework.security.web.context.SecurityContextPersistenceFilter@74bdfa0b, org.springframework.security.web.header.HeaderWriterFilter@3de56885, org.springframework.web.filter.CorsFilter@6996bbc4, org.springframework.security.web.authentication.logout.LogoutFilter@1d8be7b9, com.qczy.filter.JwtAuthenticationTokenFilter@9accff0, org.springframework.security.web.savedrequest.RequestCacheAwareFilter@7cdfa824, org.springframework.security.web.servletapi.SecurityContextHolderAwareRequestFilter@5d37aa0f, org.springframework.security.web.authentication.AnonymousAuthenticationFilter@1de08775, org.springframework.security.web.session.SessionManagementFilter@1c90029b, org.springframework.security.web.access.ExceptionTranslationFilter@5613247e, org.springframework.security.web.access.intercept.FilterSecurityInterceptor@35e75f7a]
2026-01-08 12:57:51.650 [main] INFO  s.d.s.web.plugins.DocumentationPluginsBootstrapper - Context refreshed
2026-01-08 12:57:51.704 [main] INFO  s.d.s.web.plugins.DocumentationPluginsBootstrapper - Found 1 custom documentation plugin(s)
2026-01-08 12:57:51.705 [main] INFO  s.d.s.web.plugins.DocumentationPluginsBootstrapper - Skipping initializing disabled plugin bean swagger v2.0
2026-01-08 12:57:51.733 [main] INFO  org.apache.coyote.http11.Http11NioProtocol - Starting ProtocolHandler ["http-nio-8081"]
2026-01-08 12:57:51.778 [taskScheduler-1] INFO  c.q.federated.service.FederatedCoordinatorService - Marked 1 nodes as inactive
2026-01-08 12:57:51.827 [main] INFO  o.s.boot.web.embedded.tomcat.TomcatWebServer - Tomcat started on port(s): 8081 (http) with context path ''
2026-01-08 12:57:51.835 [main] INFO  com.qczy.MyApplication - Started MyApplication in 22.449 seconds (JVM running for 23.759)
2026-01-08 12:57:56.590 [http-nio-8081-exec-1] INFO  o.a.c.core.ContainerBase.[Tomcat].[localhost].[/] - Initializing Spring DispatcherServlet 'dispatcherServlet'
2026-01-08 12:57:56.590 [http-nio-8081-exec-1] INFO  org.springframework.web.servlet.DispatcherServlet - Initializing Servlet 'dispatcherServlet'
2026-01-08 12:57:56.596 [http-nio-8081-exec-1] INFO  org.springframework.web.servlet.DispatcherServlet - Completed initialization in 6 ms
2026-01-08 12:57:56.796 [taskScheduler-2] INFO  c.q.federated.service.FederatedCoordinatorService - Marked 1 nodes as inactive
2026-01-08 12:57:56.834 [http-nio-8081-exec-1] INFO  com.qczy.filter.JwtAuthenticationTokenFilter - checking username:admin
2026-01-08 12:57:57.032 [http-nio-8081-exec-1] INFO  com.qczy.filter.JwtAuthenticationTokenFilter - authenticated user:admin
2026-01-08 12:57:57.063 [http-nio-8081-exec-1] INFO  com.qczy.controller.user.UserController - token->Bearer eyJhbGciOiJIUzUxMiJ9.eyJzdWIiOiJhZG1pbiIsImNyZWF0ZWQiOjE3NjczNTk3MTUyOTAsImV4cCI6MTc2Nzk2NDUxNX0.Y1hEZwikYmxPuqQ5EfAGhtCyrF5sMu92tBogGKOiVOWF5vIjgZyqYPXNOek6yJT7dAw9Hvdw9WmjeW0Vy3S16Q
2026-01-08 12:57:57.172 [http-nio-8081-exec-2] INFO  com.qczy.filter.JwtAuthenticationTokenFilter - checking username:admin
2026-01-08 12:57:57.179 [http-nio-8081-exec-2] INFO  com.qczy.filter.JwtAuthenticationTokenFilter - authenticated user:admin
2026-01-08 12:57:57.181 [http-nio-8081-exec-2] INFO  com.qczy.controller.user.UserController - token->Bearer eyJhbGciOiJIUzUxMiJ9.eyJzdWIiOiJhZG1pbiIsImNyZWF0ZWQiOjE3NjczNTk3MTUyOTAsImV4cCI6MTc2Nzk2NDUxNX0.Y1hEZwikYmxPuqQ5EfAGhtCyrF5sMu92tBogGKOiVOWF5vIjgZyqYPXNOek6yJT7dAw9Hvdw9WmjeW0Vy3S16Q
2026-01-08 12:57:57.191 [http-nio-8081-exec-2] INFO  com.qczy.controller.user.UserController - username->admin
2026-01-08 12:57:58.999 [http-nio-8081-exec-8] INFO  com.qczy.filter.JwtAuthenticationTokenFilter - checking username:admin
2026-01-08 12:57:59.000 [http-nio-8081-exec-10] INFO  com.qczy.filter.JwtAuthenticationTokenFilter - checking username:admin
2026-01-08 12:57:59.011 [http-nio-8081-exec-8] INFO  com.qczy.filter.JwtAuthenticationTokenFilter - authenticated user:admin
2026-01-08 12:57:59.011 [http-nio-8081-exec-10] INFO  com.qczy.filter.JwtAuthenticationTokenFilter - authenticated user:admin
2026-01-08 12:57:59.061 [http-nio-8081-exec-1] INFO  com.qczy.filter.JwtAuthenticationTokenFilter - checking username:admin
2026-01-08 12:57:59.068 [http-nio-8081-exec-1] INFO  com.qczy.filter.JwtAuthenticationTokenFilter - authenticated user:admin
2026-01-08 12:57:59.088 [http-nio-8081-exec-3] INFO  com.qczy.filter.JwtAuthenticationTokenFilter - checking username:admin
2026-01-08 12:57:59.089 [http-nio-8081-exec-2] INFO  com.qczy.filter.JwtAuthenticationTokenFilter - checking username:admin
2026-01-08 12:57:59.095 [http-nio-8081-exec-3] INFO  com.qczy.filter.JwtAuthenticationTokenFilter - authenticated user:admin
2026-01-08 12:57:59.095 [http-nio-8081-exec-2] INFO  com.qczy.filter.JwtAuthenticationTokenFilter - authenticated user:admin
2026-01-08 12:57:59.116 [http-nio-8081-exec-4] INFO  com.qczy.filter.JwtAuthenticationTokenFilter - checking username:admin
2026-01-08 12:57:59.127 [http-nio-8081-exec-4] INFO  com.qczy.filter.JwtAuthenticationTokenFilter - authenticated user:admin
2026-01-08 12:58:01.813 [taskScheduler-1] INFO  c.q.federated.service.FederatedCoordinatorService - Marked 1 nodes as inactive
2026-01-08 12:58:04.480 [http-nio-8081-exec-5] INFO  com.qczy.filter.JwtAuthenticationTokenFilter - checking username:admin
2026-01-08 12:58:04.485 [http-nio-8081-exec-5] INFO  com.qczy.filter.JwtAuthenticationTokenFilter - authenticated user:admin
2026-01-08 12:58:04.517 [http-nio-8081-exec-6] INFO  com.qczy.filter.JwtAuthenticationTokenFilter - checking username:admin
2026-01-08 12:58:04.523 [http-nio-8081-exec-6] INFO  com.qczy.filter.JwtAuthenticationTokenFilter - authenticated user:admin
2026-01-08 12:58:05.484 [http-nio-8081-exec-9] INFO  com.qczy.filter.JwtAuthenticationTokenFilter - checking username:admin
2026-01-08 12:58:05.490 [http-nio-8081-exec-9] INFO  com.qczy.filter.JwtAuthenticationTokenFilter - authenticated user:admin
2026-01-08 12:58:05.504 [http-nio-8081-exec-7] INFO  com.qczy.filter.JwtAuthenticationTokenFilter - checking username:admin
2026-01-08 12:58:05.508 [http-nio-8081-exec-7] INFO  com.qczy.filter.JwtAuthenticationTokenFilter - authenticated user:admin
2026-01-08 12:58:06.832 [taskScheduler-3] INFO  c.q.federated.service.FederatedCoordinatorService - Marked 1 nodes as inactive
2026-01-08 12:58:08.971 [http-nio-8081-exec-10] INFO  com.qczy.filter.JwtAuthenticationTokenFilter - checking username:admin
2026-01-08 12:58:08.980 [http-nio-8081-exec-10] INFO  com.qczy.filter.JwtAuthenticationTokenFilter - authenticated user:admin
2026-01-08 12:58:09.022 [http-nio-8081-exec-1] INFO  com.qczy.filter.JwtAuthenticationTokenFilter - checking username:admin
2026-01-08 12:58:09.030 [http-nio-8081-exec-1] INFO  com.qczy.filter.JwtAuthenticationTokenFilter - authenticated user:admin
2026-01-08 12:58:10.968 [http-nio-8081-exec-8] INFO  com.qczy.filter.JwtAuthenticationTokenFilter - checking username:admin
2026-01-08 12:58:10.973 [http-nio-8081-exec-8] INFO  com.qczy.filter.JwtAuthenticationTokenFilter - authenticated user:admin
2026-01-08 12:58:10.985 [http-nio-8081-exec-2] INFO  com.qczy.filter.JwtAuthenticationTokenFilter - checking username:admin
2026-01-08 12:58:10.991 [http-nio-8081-exec-2] INFO  com.qczy.filter.JwtAuthenticationTokenFilter - authenticated user:admin
2026-01-08 12:58:11.849 [taskScheduler-5] INFO  c.q.federated.service.FederatedCoordinatorService - Marked 1 nodes as inactive
2026-01-08 12:58:13.967 [http-nio-8081-exec-4] INFO  com.qczy.filter.JwtAuthenticationTokenFilter - checking username:admin
2026-01-08 12:58:13.970 [http-nio-8081-exec-4] INFO  com.qczy.filter.JwtAuthenticationTokenFilter - authenticated user:admin
2026-01-08 12:58:13.993 [http-nio-8081-exec-3] INFO  com.qczy.filter.JwtAuthenticationTokenFilter - checking username:admin
2026-01-08 12:58:14.000 [http-nio-8081-exec-3] INFO  com.qczy.filter.JwtAuthenticationTokenFilter - authenticated user:admin
2026-01-08 12:58:16.865 [taskScheduler-1] INFO  c.q.federated.service.FederatedCoordinatorService - Marked 1 nodes as inactive
2026-01-08 12:58:16.966 [http-nio-8081-exec-5] INFO  com.qczy.filter.JwtAuthenticationTokenFilter - checking username:admin
2026-01-08 12:58:16.969 [http-nio-8081-exec-5] INFO  com.qczy.filter.JwtAuthenticationTokenFilter - authenticated user:admin
2026-01-08 12:58:16.979 [http-nio-8081-exec-6] INFO  com.qczy.filter.JwtAuthenticationTokenFilter - checking username:admin
2026-01-08 12:58:16.984 [http-nio-8081-exec-6] INFO  com.qczy.filter.JwtAuthenticationTokenFilter - authenticated user:admin
2026-01-08 12:58:18.966 [http-nio-8081-exec-9] INFO  com.qczy.filter.JwtAuthenticationTokenFilter - checking username:admin
2026-01-08 12:58:18.970 [http-nio-8081-exec-9] INFO  com.qczy.filter.JwtAuthenticationTokenFilter - authenticated user:admin
2026-01-08 12:58:18.988 [http-nio-8081-exec-7] INFO  com.qczy.filter.JwtAuthenticationTokenFilter - checking username:admin
2026-01-08 12:58:18.991 [http-nio-8081-exec-7] INFO  com.qczy.filter.JwtAuthenticationTokenFilter - authenticated user:admin
2026-01-08 12:58:21.884 [taskScheduler-2] INFO  c.q.federated.service.FederatedCoordinatorService - Marked 1 nodes as inactive
2026-01-08 12:58:22.504 [http-nio-8081-exec-10] INFO  com.qczy.filter.JwtAuthenticationTokenFilter - checking username:admin
2026-01-08 12:58:22.550 [http-nio-8081-exec-10] INFO  com.qczy.filter.JwtAuthenticationTokenFilter - authenticated user:admin
2026-01-08 12:58:22.577 [http-nio-8081-exec-8] INFO  com.qczy.filter.JwtAuthenticationTokenFilter - checking username:admin
2026-01-08 12:58:22.647 [http-nio-8081-exec-8] INFO  com.qczy.filter.JwtAuthenticationTokenFilter - authenticated user:admin
2026-01-08 12:58:26.907 [taskScheduler-7] INFO  c.q.federated.service.FederatedCoordinatorService - Marked 1 nodes as inactive
2026-01-08 12:58:27.501 [http-nio-8081-exec-9] INFO  com.qczy.filter.JwtAuthenticationTokenFilter - checking username:admin
2026-01-08 12:58:27.518 [http-nio-8081-exec-9] INFO  com.qczy.filter.JwtAuthenticationTokenFilter - authenticated user:admin
2026-01-08 12:58:31.927 [taskScheduler-7] INFO  c.q.federated.service.FederatedCoordinatorService - Marked 1 nodes as inactive
2026-01-08 12:58:32.484 [http-nio-8081-exec-7] INFO  com.qczy.filter.JwtAuthenticationTokenFilter - checking username:admin
2026-01-08 12:58:32.488 [http-nio-8081-exec-7] INFO  com.qczy.filter.JwtAuthenticationTokenFilter - authenticated user:admin
2026-01-08 12:58:32.497 [http-nio-8081-exec-1] INFO  com.qczy.filter.JwtAuthenticationTokenFilter - checking username:admin
2026-01-08 12:58:32.508 [http-nio-8081-exec-1] INFO  com.qczy.filter.JwtAuthenticationTokenFilter - authenticated user:admin
2026-01-08 12:58:36.944 [taskScheduler-7] INFO  c.q.federated.service.FederatedCoordinatorService - Marked 1 nodes as inactive
2026-01-08 12:58:37.483 [http-nio-8081-exec-6] INFO  com.qczy.filter.JwtAuthenticationTokenFilter - checking username:admin
2026-01-08 12:58:37.492 [http-nio-8081-exec-6] INFO  com.qczy.filter.JwtAuthenticationTokenFilter - authenticated user:admin
2026-01-08 12:58:41.963 [taskScheduler-7] INFO  c.q.federated.service.FederatedCoordinatorService - Marked 1 nodes as inactive
2026-01-08 12:58:42.479 [http-nio-8081-exec-2] INFO  com.qczy.filter.JwtAuthenticationTokenFilter - checking username:admin
2026-01-08 12:58:42.485 [http-nio-8081-exec-2] INFO  com.qczy.filter.JwtAuthenticationTokenFilter - authenticated user:admin
2026-01-08 12:58:42.485 [http-nio-8081-exec-3] INFO  com.qczy.filter.JwtAuthenticationTokenFilter - checking username:admin
2026-01-08 12:58:42.486 [http-nio-8081-exec-3] INFO  com.qczy.filter.JwtAuthenticationTokenFilter - authenticated user:admin
